make -C kernel clean
make[1]: Entering directory '/mnt/c/Users/AFIF/Documents/DoorsOS/kernel'
find: ‘cc-runtime/src’: No such file or directory
rm -rf bin obj
make[1]: Leaving directory '/mnt/c/Users/AFIF/Documents/DoorsOS/kernel'
rm -rf iso_root DoorsOS.iso DoorsOS.hdd
make -C kernel
make[1]: Entering directory '/mnt/c/Users/AFIF/Documents/DoorsOS/kernel'
find: ‘cc-runtime/src’: No such file or directory
mkdir -p "$(dirname obj/src/bootloader.c.o)"
cc -g -O2 -pipe -Wall -Wextra -std=gnu11 -nostdinc -ffreestanding -fno-stack-protector -fno-stack-check -fno-lto -fno-PIC -ffunction-sections -fdata-sections -m64 -march=x86-64 -mno-red-zone -mcmodel=kernel -I src -isystem freestnd-c-hdrs  -DLIMINE_API_REVISION=3 -MMD -MP -c src/bootloader.c -o obj/src/bootloader.c.o
In file included from src/bootloader.h:2,
                 from src/bootloader.c:1:
src/limine.h:362:29: warning: missing braces around initializer [-Wmissing-braces]
  362 | #  define LIMINE_MP_REQUEST { LIMINE_COMMON_MAGIC, 0x95a67b819a1b857e, 0xa0b61b723b6a73e0 }
      |                             ^
src/bootloader.c:23:49: note: in expansion of macro ‘LIMINE_MP_REQUEST’
   23 | volatile struct limine_mp_request smp_request = LIMINE_MP_REQUEST;
      |                                                 ^~~~~~~~~~~~~~~~~
src/bootloader.c:23:17: warning: missing initializer for field ‘revision’ of ‘volatile struct limine_mp_request’ [-Wmissing-field-initializers]
   23 | volatile struct limine_mp_request smp_request = LIMINE_MP_REQUEST;
      |                 ^~~~~~~~~~~~~~~~~
src/limine.h:451:14: note: ‘revision’ declared here
  451 |     uint64_t revision;
      |              ^~~~~~~~
mkdir -p "$(dirname obj/src/datandtime.c.o)"
cc -g -O2 -pipe -Wall -Wextra -std=gnu11 -nostdinc -ffreestanding -fno-stack-protector -fno-stack-check -fno-lto -fno-PIC -ffunction-sections -fdata-sections -m64 -march=x86-64 -mno-red-zone -mcmodel=kernel -I src -isystem freestnd-c-hdrs  -DLIMINE_API_REVISION=3 -MMD -MP -c src/datandtime.c -o obj/src/datandtime.c.o
mkdir -p "$(dirname obj/src/flanterm/src/flanterm.c.o)"
cc -g -O2 -pipe -Wall -Wextra -std=gnu11 -nostdinc -ffreestanding -fno-stack-protector -fno-stack-check -fno-lto -fno-PIC -ffunction-sections -fdata-sections -m64 -march=x86-64 -mno-red-zone -mcmodel=kernel -I src -isystem freestnd-c-hdrs  -DLIMINE_API_REVISION=3 -MMD -MP -c src/flanterm/src/flanterm.c -o obj/src/flanterm/src/flanterm.c.o
mkdir -p "$(dirname obj/src/flanterm/src/flanterm_backends/fb.c.o)"
cc -g -O2 -pipe -Wall -Wextra -std=gnu11 -nostdinc -ffreestanding -fno-stack-protector -fno-stack-check -fno-lto -fno-PIC -ffunction-sections -fdata-sections -m64 -march=x86-64 -mno-red-zone -mcmodel=kernel -I src -isystem freestnd-c-hdrs  -DLIMINE_API_REVISION=3 -MMD -MP -c src/flanterm/src/flanterm_backends/fb.c -o obj/src/flanterm/src/flanterm_backends/fb.c.o
mkdir -p "$(dirname obj/src/fs/ahci.c.o)"
cc -g -O2 -pipe -Wall -Wextra -std=gnu11 -nostdinc -ffreestanding -fno-stack-protector -fno-stack-check -fno-lto -fno-PIC -ffunction-sections -fdata-sections -m64 -march=x86-64 -mno-red-zone -mcmodel=kernel -I src -isystem freestnd-c-hdrs  -DLIMINE_API_REVISION=3 -MMD -MP -c src/fs/ahci.c -o obj/src/fs/ahci.c.o
mkdir -p "$(dirname obj/src/fs/ahci_driver.c.o)"
cc -g -O2 -pipe -Wall -Wextra -std=gnu11 -nostdinc -ffreestanding -fno-stack-protector -fno-stack-check -fno-lto -fno-PIC -ffunction-sections -fdata-sections -m64 -march=x86-64 -mno-red-zone -mcmodel=kernel -I src -isystem freestnd-c-hdrs  -DLIMINE_API_REVISION=3 -MMD -MP -c src/fs/ahci_driver.c -o obj/src/fs/ahci_driver.c.o
src/fs/ahci_driver.c:11: warning: "HHDM_BASE" redefined
   11 | #define HHDM_BASE (hhdm_request.response->offset ? hhdm_request.response->offset : 0xFFFF800000000000ULL)
      | 
In file included from src/fs/ahci.h:10,
                 from src/fs/ahci_driver.c:1:
src/mem/new/pmm.h:6: note: this is the location of the previous definition
    6 | #define HHDM_BASE   0xFFFF800000000000ULL
      | 
src/fs/ahci_driver.c: In function ‘map_mmio’:
src/fs/ahci_driver.c:26:19: warning: unused variable ‘pt_idx’ [-Wunused-variable]
   26 |         uintptr_t pt_idx = (virt >> 12) & 0x1FF;
      |                   ^~~~~~
src/fs/ahci_driver.c:25:19: warning: unused variable ‘pd_idx’ [-Wunused-variable]
   25 |         uintptr_t pd_idx = (virt >> 21) & 0x1FF;
      |                   ^~~~~~
src/fs/ahci_driver.c:24:19: warning: unused variable ‘pdpt_idx’ [-Wunused-variable]
   24 |         uintptr_t pdpt_idx = (virt >> 30) & 0x1FF;
      |                   ^~~~~~~~
src/fs/ahci_driver.c:23:19: warning: unused variable ‘pml4_idx’ [-Wunused-variable]
   23 |         uintptr_t pml4_idx = (virt >> 39) & 0x1FF;
      |                   ^~~~~~~~
src/fs/ahci_driver.c: At top level:
src/fs/ahci_driver.c:18:14: warning: ‘map_mmio’ defined but not used [-Wunused-function]
   18 | static void* map_mmio(uintptr_t phys, size_t size) {
      |              ^~~~~~~~
mkdir -p "$(dirname obj/src/fs/ata.c.o)"
cc -g -O2 -pipe -Wall -Wextra -std=gnu11 -nostdinc -ffreestanding -fno-stack-protector -fno-stack-check -fno-lto -fno-PIC -ffunction-sections -fdata-sections -m64 -march=x86-64 -mno-red-zone -mcmodel=kernel -I src -isystem freestnd-c-hdrs  -DLIMINE_API_REVISION=3 -MMD -MP -c src/fs/ata.c -o obj/src/fs/ata.c.o
mkdir -p "$(dirname obj/src/fs/fat32.c.o)"
cc -g -O2 -pipe -Wall -Wextra -std=gnu11 -nostdinc -ffreestanding -fno-stack-protector -fno-stack-check -fno-lto -fno-PIC -ffunction-sections -fdata-sections -m64 -march=x86-64 -mno-red-zone -mcmodel=kernel -I src -isystem freestnd-c-hdrs  -DLIMINE_API_REVISION=3 -MMD -MP -c src/fs/fat32.c -o obj/src/fs/fat32.c.o
src/fs/fat32.c: In function ‘fat32_mount’:
src/fs/fat32.c:72:5: warning: implicit declaration of function ‘serial_io_printf’ [-Wimplicit-function-declaration]
   72 |     serial_io_printf("fat32_mount: reading LBA %u\n", lba);
      |     ^~~~~~~~~~~~~~~~
src/fs/fat32.c: In function ‘generate_short_name’:
src/fs/fat32.c:145:25: warning: operand of ‘?:’ changes signedness from ‘long int’ to ‘size_t’ {aka ‘long unsigned int’} due to unsignedness of other operand [-Wsign-compare]
  145 |     int baselen = dot ? (dot - longname) : strlen(longname);
      |                         ^~~~~~~~~~~~~~~~
src/fs/fat32.c: At top level:
src/fs/fat32.c:27:13: warning: ‘set_fat_entry’ defined but not used [-Wunused-function]
   27 | static void set_fat_entry(uint32_t cluster, uint32_t value) {
      |             ^~~~~~~~~~~~~
src/fs/fat32.c:18:17: warning: ‘get_fat_entry’ defined but not used [-Wunused-function]
   18 | static uint32_t get_fat_entry(uint32_t cluster) {
      |                 ^~~~~~~~~~~~~
mkdir -p "$(dirname obj/src/fs/fat32_test.c.o)"
cc -g -O2 -pipe -Wall -Wextra -std=gnu11 -nostdinc -ffreestanding -fno-stack-protector -fno-stack-check -fno-lto -fno-PIC -ffunction-sections -fdata-sections -m64 -march=x86-64 -mno-red-zone -mcmodel=kernel -I src -isystem freestnd-c-hdrs  -DLIMINE_API_REVISION=3 -MMD -MP -c src/fs/fat32_test.c -o obj/src/fs/fat32_test.c.o
mkdir -p "$(dirname obj/src/fs/pci.c.o)"
cc -g -O2 -pipe -Wall -Wextra -std=gnu11 -nostdinc -ffreestanding -fno-stack-protector -fno-stack-check -fno-lto -fno-PIC -ffunction-sections -fdata-sections -m64 -march=x86-64 -mno-red-zone -mcmodel=kernel -I src -isystem freestnd-c-hdrs  -DLIMINE_API_REVISION=3 -MMD -MP -c src/fs/pci.c -o obj/src/fs/pci.c.o
mkdir -p "$(dirname obj/src/gdt.c.o)"
cc -g -O2 -pipe -Wall -Wextra -std=gnu11 -nostdinc -ffreestanding -fno-stack-protector -fno-stack-check -fno-lto -fno-PIC -ffunction-sections -fdata-sections -m64 -march=x86-64 -mno-red-zone -mcmodel=kernel -I src -isystem freestnd-c-hdrs  -DLIMINE_API_REVISION=3 -MMD -MP -c src/gdt.c -o obj/src/gdt.c.o
mkdir -p "$(dirname obj/src/gfx/printf.c.o)"
cc -g -O2 -pipe -Wall -Wextra -std=gnu11 -nostdinc -ffreestanding -fno-stack-protector -fno-stack-check -fno-lto -fno-PIC -ffunction-sections -fdata-sections -m64 -march=x86-64 -mno-red-zone -mcmodel=kernel -I src -isystem freestnd-c-hdrs  -DLIMINE_API_REVISION=3 -MMD -MP -c src/gfx/printf.c -o obj/src/gfx/printf.c.o
mkdir -p "$(dirname obj/src/gfx/serial_io.c.o)"
cc -g -O2 -pipe -Wall -Wextra -std=gnu11 -nostdinc -ffreestanding -fno-stack-protector -fno-stack-check -fno-lto -fno-PIC -ffunction-sections -fdata-sections -m64 -march=x86-64 -mno-red-zone -mcmodel=kernel -I src -isystem freestnd-c-hdrs  -DLIMINE_API_REVISION=3 -MMD -MP -c src/gfx/serial_io.c -o obj/src/gfx/serial_io.c.o
mkdir -p "$(dirname obj/src/gfx/term.c.o)"
cc -g -O2 -pipe -Wall -Wextra -std=gnu11 -nostdinc -ffreestanding -fno-stack-protector -fno-stack-check -fno-lto -fno-PIC -ffunction-sections -fdata-sections -m64 -march=x86-64 -mno-red-zone -mcmodel=kernel -I src -isystem freestnd-c-hdrs  -DLIMINE_API_REVISION=3 -MMD -MP -c src/gfx/term.c -o obj/src/gfx/term.c.o
mkdir -p "$(dirname obj/src/gui/guiutils.c.o)"
cc -g -O2 -pipe -Wall -Wextra -std=gnu11 -nostdinc -ffreestanding -fno-stack-protector -fno-stack-check -fno-lto -fno-PIC -ffunction-sections -fdata-sections -m64 -march=x86-64 -mno-red-zone -mcmodel=kernel -I src -isystem freestnd-c-hdrs  -DLIMINE_API_REVISION=3 -MMD -MP -c src/gui/guiutils.c -o obj/src/gui/guiutils.c.o
In file included from src/gui/guiutils.c:6:
src/gui/../gfx/term.h:6:33: warning: ‘ft_ctx’ defined but not used [-Wunused-variable]
    6 | static struct flanterm_context* ft_ctx;
      |                                 ^~~~~~
mkdir -p "$(dirname obj/src/gui/windows.c.o)"
cc -g -O2 -pipe -Wall -Wextra -std=gnu11 -nostdinc -ffreestanding -fno-stack-protector -fno-stack-check -fno-lto -fno-PIC -ffunction-sections -fdata-sections -m64 -march=x86-64 -mno-red-zone -mcmodel=kernel -I src -isystem freestnd-c-hdrs  -DLIMINE_API_REVISION=3 -MMD -MP -c src/gui/windows.c -o obj/src/gui/windows.c.o
In file included from src/gui/windows.c:3:
src/gui/../gfx/term.h:6:33: warning: ‘ft_ctx’ defined but not used [-Wunused-variable]
    6 | static struct flanterm_context* ft_ctx;
      |                                 ^~~~~~
mkdir -p "$(dirname obj/src/info/cpuinfo.c.o)"
cc -g -O2 -pipe -Wall -Wextra -std=gnu11 -nostdinc -ffreestanding -fno-stack-protector -fno-stack-check -fno-lto -fno-PIC -ffunction-sections -fdata-sections -m64 -march=x86-64 -mno-red-zone -mcmodel=kernel -I src -isystem freestnd-c-hdrs  -DLIMINE_API_REVISION=3 -MMD -MP -c src/info/cpuinfo.c -o obj/src/info/cpuinfo.c.o
src/info/cpuinfo.c: In function ‘print_cpu_info’:
src/info/cpuinfo.c:18:38: warning: initialization of ‘struct limine_smp_cpu *’ from incompatible pointer type ‘struct limine_mp_info *’ [-Wincompatible-pointer-types]
   18 |         struct limine_smp_cpu *cpu = smp_request.response->cpus[i];
      |                                      ^~~~~~~~~~~
src/info/cpuinfo.c:18:32: warning: unused variable ‘cpu’ [-Wunused-variable]
   18 |         struct limine_smp_cpu *cpu = smp_request.response->cpus[i];
      |                                ^~~
mkdir -p "$(dirname obj/src/info/meminfo.c.o)"
cc -g -O2 -pipe -Wall -Wextra -std=gnu11 -nostdinc -ffreestanding -fno-stack-protector -fno-stack-check -fno-lto -fno-PIC -ffunction-sections -fdata-sections -m64 -march=x86-64 -mno-red-zone -mcmodel=kernel -I src -isystem freestnd-c-hdrs  -DLIMINE_API_REVISION=3 -MMD -MP -c src/info/meminfo.c -o obj/src/info/meminfo.c.o
mkdir -p "$(dirname obj/src/interrupts/idt.c.o)"
cc -g -O2 -pipe -Wall -Wextra -std=gnu11 -nostdinc -ffreestanding -fno-stack-protector -fno-stack-check -fno-lto -fno-PIC -ffunction-sections -fdata-sections -m64 -march=x86-64 -mno-red-zone -mcmodel=kernel -I src -isystem freestnd-c-hdrs  -DLIMINE_API_REVISION=3 -MMD -MP -c src/interrupts/idt.c -o obj/src/interrupts/idt.c.o
mkdir -p "$(dirname obj/src/interrupts/isr.c.o)"
cc -g -O2 -pipe -Wall -Wextra -std=gnu11 -nostdinc -ffreestanding -fno-stack-protector -fno-stack-check -fno-lto -fno-PIC -ffunction-sections -fdata-sections -m64 -march=x86-64 -mno-red-zone -mcmodel=kernel -I src -isystem freestnd-c-hdrs  -DLIMINE_API_REVISION=3 -MMD -MP -c src/interrupts/isr.c -o obj/src/interrupts/isr.c.o
In file included from src/interrupts/isr.c:2:
src/interrupts/../gfx/term.h:6:33: warning: ‘ft_ctx’ defined but not used [-Wunused-variable]
    6 | static struct flanterm_context* ft_ctx;
      |                                 ^~~~~~
mkdir -p "$(dirname obj/src/interrupts/multitasking.c.o)"
cc -g -O2 -pipe -Wall -Wextra -std=gnu11 -nostdinc -ffreestanding -fno-stack-protector -fno-stack-check -fno-lto -fno-PIC -ffunction-sections -fdata-sections -m64 -march=x86-64 -mno-red-zone -mcmodel=kernel -I src -isystem freestnd-c-hdrs  -DLIMINE_API_REVISION=3 -MMD -MP -c src/interrupts/multitasking.c -o obj/src/interrupts/multitasking.c.o
src/interrupts/multitasking.c: In function ‘yield’:
src/interrupts/multitasking.c:77:13: warning: implicit declaration of function ‘task_switch’; did you mean ‘task_exit’? [-Wimplicit-function-declaration]
   77 |             task_switch(&tasks[prev], &tasks[current_task]);
      |             ^~~~~~~~~~~
      |             task_exit
mkdir -p "$(dirname obj/src/interrupts/pic.c.o)"
cc -g -O2 -pipe -Wall -Wextra -std=gnu11 -nostdinc -ffreestanding -fno-stack-protector -fno-stack-check -fno-lto -fno-PIC -ffunction-sections -fdata-sections -m64 -march=x86-64 -mno-red-zone -mcmodel=kernel -I src -isystem freestnd-c-hdrs  -DLIMINE_API_REVISION=3 -MMD -MP -c src/interrupts/pic.c -o obj/src/interrupts/pic.c.o
mkdir -p "$(dirname obj/src/interrupts/timer.c.o)"
cc -g -O2 -pipe -Wall -Wextra -std=gnu11 -nostdinc -ffreestanding -fno-stack-protector -fno-stack-check -fno-lto -fno-PIC -ffunction-sections -fdata-sections -m64 -march=x86-64 -mno-red-zone -mcmodel=kernel -I src -isystem freestnd-c-hdrs  -DLIMINE_API_REVISION=3 -MMD -MP -c src/interrupts/timer.c -o obj/src/interrupts/timer.c.o
mkdir -p "$(dirname obj/src/libs/LinkedList.c.o)"
cc -g -O2 -pipe -Wall -Wextra -std=gnu11 -nostdinc -ffreestanding -fno-stack-protector -fno-stack-check -fno-lto -fno-PIC -ffunction-sections -fdata-sections -m64 -march=x86-64 -mno-red-zone -mcmodel=kernel -I src -isystem freestnd-c-hdrs  -DLIMINE_API_REVISION=3 -MMD -MP -c src/libs/LinkedList.c -o obj/src/libs/LinkedList.c.o
mkdir -p "$(dirname obj/src/libs/json.c.o)"
cc -g -O2 -pipe -Wall -Wextra -std=gnu11 -nostdinc -ffreestanding -fno-stack-protector -fno-stack-check -fno-lto -fno-PIC -ffunction-sections -fdata-sections -m64 -march=x86-64 -mno-red-zone -mcmodel=kernel -I src -isystem freestnd-c-hdrs  -DLIMINE_API_REVISION=3 -MMD -MP -c src/libs/json.c -o obj/src/libs/json.c.o
mkdir -p "$(dirname obj/src/libs/string.c.o)"
cc -g -O2 -pipe -Wall -Wextra -std=gnu11 -nostdinc -ffreestanding -fno-stack-protector -fno-stack-check -fno-lto -fno-PIC -ffunction-sections -fdata-sections -m64 -march=x86-64 -mno-red-zone -mcmodel=kernel -I src -isystem freestnd-c-hdrs  -DLIMINE_API_REVISION=3 -MMD -MP -c src/libs/string.c -o obj/src/libs/string.c.o
mkdir -p "$(dirname obj/src/libs/utilities.c.o)"
cc -g -O2 -pipe -Wall -Wextra -std=gnu11 -nostdinc -ffreestanding -fno-stack-protector -fno-stack-check -fno-lto -fno-PIC -ffunction-sections -fdata-sections -m64 -march=x86-64 -mno-red-zone -mcmodel=kernel -I src -isystem freestnd-c-hdrs  -DLIMINE_API_REVISION=3 -MMD -MP -c src/libs/utilities.c -o obj/src/libs/utilities.c.o
mkdir -p "$(dirname obj/src/main.c.o)"
cc -g -O2 -pipe -Wall -Wextra -std=gnu11 -nostdinc -ffreestanding -fno-stack-protector -fno-stack-check -fno-lto -fno-PIC -ffunction-sections -fdata-sections -m64 -march=x86-64 -mno-red-zone -mcmodel=kernel -I src -isystem freestnd-c-hdrs  -DLIMINE_API_REVISION=3 -MMD -MP -c src/main.c -o obj/src/main.c.o
src/main.c: In function ‘kmain’:
src/main.c:151:27: warning: implicit declaration of function ‘sqrt’ [-Wimplicit-function-declaration]
  151 |     serial_io_printf("%f",sqrt(9));
      |                           ^~~~
In file included from src/main.c:10:
src/datandtime.h: At top level:
src/datandtime.h:23:16: warning: ‘bcd2bin’ defined but not used [-Wunused-function]
   23 | static uint8_t bcd2bin(uint8_t val) {
      |                ^~~~~~~
src/datandtime.h:17:16: warning: ‘cmos_read’ defined but not used [-Wunused-function]
   17 | static uint8_t cmos_read(uint8_t reg) {
      |                ^~~~~~~~~
In file included from src/main.c:4:
src/gfx/term.h:6:33: warning: ‘ft_ctx’ defined but not used [-Wunused-variable]
    6 | static struct flanterm_context* ft_ctx;
      |                                 ^~~~~~
mkdir -p "$(dirname obj/src/math.c.o)"
cc -g -O2 -pipe -Wall -Wextra -std=gnu11 -nostdinc -ffreestanding -fno-stack-protector -fno-stack-check -fno-lto -fno-PIC -ffunction-sections -fdata-sections -m64 -march=x86-64 -mno-red-zone -mcmodel=kernel -I src -isystem freestnd-c-hdrs  -DLIMINE_API_REVISION=3 -MMD -MP -c src/math.c -o obj/src/math.c.o
src/math.c: In function ‘asin’:
src/math.c:77:21: warning: implicit declaration of function ‘sqrtf’; did you mean ‘sqrt’? [-Wimplicit-function-declaration]
   77 |     return atan(x / sqrtf(1.0f - x*x));
      |                     ^~~~~
      |                     sqrt
mkdir -p "$(dirname obj/src/mem/mallocator.c.o)"
cc -g -O2 -pipe -Wall -Wextra -std=gnu11 -nostdinc -ffreestanding -fno-stack-protector -fno-stack-check -fno-lto -fno-PIC -ffunction-sections -fdata-sections -m64 -march=x86-64 -mno-red-zone -mcmodel=kernel -I src -isystem freestnd-c-hdrs  -DLIMINE_API_REVISION=3 -MMD -MP -c src/mem/mallocator.c -o obj/src/mem/mallocator.c.o
mkdir -p "$(dirname obj/src/mem/new/bitmap.c.o)"
cc -g -O2 -pipe -Wall -Wextra -std=gnu11 -nostdinc -ffreestanding -fno-stack-protector -fno-stack-check -fno-lto -fno-PIC -ffunction-sections -fdata-sections -m64 -march=x86-64 -mno-red-zone -mcmodel=kernel -I src -isystem freestnd-c-hdrs  -DLIMINE_API_REVISION=3 -MMD -MP -c src/mem/new/bitmap.c -o obj/src/mem/new/bitmap.c.o
src/mem/new/bitmap.c: In function ‘BitmapDump’:
src/mem/new/bitmap.c:66:24: warning: implicit declaration of function ‘debugf’ [-Wimplicit-function-declaration]
   66 | #define BITMAP_DEBUG_F debugf
      |                        ^~~~~~
src/mem/new/bitmap.c:68:3: note: in expansion of macro ‘BITMAP_DEBUG_F’
   68 |   BITMAP_DEBUG_F("=== BYTE DUMPING %d -> %d BYTES ===\n",
      |   ^~~~~~~~~~~~~~
src/mem/new/bitmap.c:70:21: warning: comparison of integer expressions of different signedness: ‘int’ and ‘size_t’ {aka ‘long unsigned int’} [-Wsign-compare]
   70 |   for (int i = 0; i < bitmap->BitmapSizeInBytes; i++) {
      |                     ^
mkdir -p "$(dirname obj/src/mem/new/pmm.c.o)"
cc -g -O2 -pipe -Wall -Wextra -std=gnu11 -nostdinc -ffreestanding -fno-stack-protector -fno-stack-check -fno-lto -fno-PIC -ffunction-sections -fdata-sections -m64 -march=x86-64 -mno-red-zone -mcmodel=kernel -I src -isystem freestnd-c-hdrs  -DLIMINE_API_REVISION=3 -MMD -MP -c src/mem/new/pmm.c -o obj/src/mem/new/pmm.c.o
src/mem/new/pmm.c: In function ‘printMemoryMaps’:
src/mem/new/pmm.c:48:17: warning: implicit declaration of function ‘serial_io_printf’ [-Wimplicit-function-declaration]
   48 |                 serial_io_printf("Entry: ");
      |                 ^~~~~~~~~~~~~~~~
mkdir -p "$(dirname obj/src/mem/paging.c.o)"
cc -g -O2 -pipe -Wall -Wextra -std=gnu11 -nostdinc -ffreestanding -fno-stack-protector -fno-stack-check -fno-lto -fno-PIC -ffunction-sections -fdata-sections -m64 -march=x86-64 -mno-red-zone -mcmodel=kernel -I src -isystem freestnd-c-hdrs  -DLIMINE_API_REVISION=3 -MMD -MP -c src/mem/paging.c -o obj/src/mem/paging.c.o
mkdir -p "$(dirname obj/src/ps2/io.c.o)"
cc -g -O2 -pipe -Wall -Wextra -std=gnu11 -nostdinc -ffreestanding -fno-stack-protector -fno-stack-check -fno-lto -fno-PIC -ffunction-sections -fdata-sections -m64 -march=x86-64 -mno-red-zone -mcmodel=kernel -I src -isystem freestnd-c-hdrs  -DLIMINE_API_REVISION=3 -MMD -MP -c src/ps2/io.c -o obj/src/ps2/io.c.o
mkdir -p "$(dirname obj/src/ps2/kbio.c.o)"
cc -g -O2 -pipe -Wall -Wextra -std=gnu11 -nostdinc -ffreestanding -fno-stack-protector -fno-stack-check -fno-lto -fno-PIC -ffunction-sections -fdata-sections -m64 -march=x86-64 -mno-red-zone -mcmodel=kernel -I src -isystem freestnd-c-hdrs  -DLIMINE_API_REVISION=3 -MMD -MP -c src/ps2/kbio.c -o obj/src/ps2/kbio.c.o
In file included from src/ps2/kbio.c:5:
src/ps2/../gfx/term.h:6:33: warning: ‘ft_ctx’ defined but not used [-Wunused-variable]
    6 | static struct flanterm_context* ft_ctx;
      |                                 ^~~~~~
mkdir -p "$(dirname obj/src/ps2/mouse.c.o)"
cc -g -O2 -pipe -Wall -Wextra -std=gnu11 -nostdinc -ffreestanding -fno-stack-protector -fno-stack-check -fno-lto -fno-PIC -ffunction-sections -fdata-sections -m64 -march=x86-64 -mno-red-zone -mcmodel=kernel -I src -isystem freestnd-c-hdrs  -DLIMINE_API_REVISION=3 -MMD -MP -c src/ps2/mouse.c -o obj/src/ps2/mouse.c.o
src/ps2/mouse.c:12:19: warning: ‘cursor_pattern’ defined but not used [-Wunused-const-variable=]
   12 | static const char cursor_pattern[16][12] = {
      |                   ^~~~~~~~~~~~~~
In file included from src/ps2/mouse.c:3:
src/ps2/../gfx/term.h:6:33: warning: ‘ft_ctx’ defined but not used [-Wunused-variable]
    6 | static struct flanterm_context* ft_ctx;
      |                                 ^~~~~~
mkdir -p "$(dirname obj/src/rtl8139/rtl8139.c.o)"
cc -g -O2 -pipe -Wall -Wextra -std=gnu11 -nostdinc -ffreestanding -fno-stack-protector -fno-stack-check -fno-lto -fno-PIC -ffunction-sections -fdata-sections -m64 -march=x86-64 -mno-red-zone -mcmodel=kernel -I src -isystem freestnd-c-hdrs  -DLIMINE_API_REVISION=3 -MMD -MP -c src/rtl8139/rtl8139.c -o obj/src/rtl8139/rtl8139.c.o
src/rtl8139/rtl8139.c: In function ‘rtl8139_init’:
src/rtl8139/rtl8139.c:93:41: warning: cast from pointer to integer of different size [-Wpointer-to-int-cast]
   93 |     outl(rtl8139_io_base + REG_RBSTART, (uint32_t)rx_buffer);
      |                                         ^
src/rtl8139/rtl8139.c: In function ‘rtl8139_send_packet’:
src/rtl8139/rtl8139.c:130:58: warning: cast from pointer to integer of different size [-Wpointer-to-int-cast]
  130 |     outl(rtl8139_io_base + REG_TSAD0 + (current_tx * 4), (uint32_t)tx_buffer[current_tx]);
      |                                                          ^
mkdir -p "$(dirname obj/src/shell/shell_enhanced.c.o)"
cc -g -O2 -pipe -Wall -Wextra -std=gnu11 -nostdinc -ffreestanding -fno-stack-protector -fno-stack-check -fno-lto -fno-PIC -ffunction-sections -fdata-sections -m64 -march=x86-64 -mno-red-zone -mcmodel=kernel -I src -isystem freestnd-c-hdrs  -DLIMINE_API_REVISION=3 -MMD -MP -c src/shell/shell_enhanced.c -o obj/src/shell/shell_enhanced.c.o
In file included from src/shell/shell_enhanced.c:19:
src/shell/../datandtime.h:23:16: warning: ‘bcd2bin’ defined but not used [-Wunused-function]
   23 | static uint8_t bcd2bin(uint8_t val) {
      |                ^~~~~~~
src/shell/../datandtime.h:17:16: warning: ‘cmos_read’ defined but not used [-Wunused-function]
   17 | static uint8_t cmos_read(uint8_t reg) {
      |                ^~~~~~~~~
In file included from src/shell/shell_enhanced.c:2:
src/shell/../gfx/term.h:6:33: warning: ‘ft_ctx’ defined but not used [-Wunused-variable]
    6 | static struct flanterm_context* ft_ctx;
      |                                 ^~~~~~
mkdir -p "$(dirname obj/src/snake.c.o)"
cc -g -O2 -pipe -Wall -Wextra -std=gnu11 -nostdinc -ffreestanding -fno-stack-protector -fno-stack-check -fno-lto -fno-PIC -ffunction-sections -fdata-sections -m64 -march=x86-64 -mno-red-zone -mcmodel=kernel -I src -isystem freestnd-c-hdrs  -DLIMINE_API_REVISION=3 -MMD -MP -c src/snake.c -o obj/src/snake.c.o
mkdir -p "$(dirname obj/src/storage/storage.c.o)"
cc -g -O2 -pipe -Wall -Wextra -std=gnu11 -nostdinc -ffreestanding -fno-stack-protector -fno-stack-check -fno-lto -fno-PIC -ffunction-sections -fdata-sections -m64 -march=x86-64 -mno-red-zone -mcmodel=kernel -I src -isystem freestnd-c-hdrs  -DLIMINE_API_REVISION=3 -MMD -MP -c src/storage/storage.c -o obj/src/storage/storage.c.o
mkdir -p "$(dirname obj/src/user/user.c.o)"
cc -g -O2 -pipe -Wall -Wextra -std=gnu11 -nostdinc -ffreestanding -fno-stack-protector -fno-stack-check -fno-lto -fno-PIC -ffunction-sections -fdata-sections -m64 -march=x86-64 -mno-red-zone -mcmodel=kernel -I src -isystem freestnd-c-hdrs  -DLIMINE_API_REVISION=3 -MMD -MP -c src/user/user.c -o obj/src/user/user.c.o
mkdir -p "$(dirname obj/src/user/user_enhanced.c.o)"
cc -g -O2 -pipe -Wall -Wextra -std=gnu11 -nostdinc -ffreestanding -fno-stack-protector -fno-stack-check -fno-lto -fno-PIC -ffunction-sections -fdata-sections -m64 -march=x86-64 -mno-red-zone -mcmodel=kernel -I src -isystem freestnd-c-hdrs  -DLIMINE_API_REVISION=3 -MMD -MP -c src/user/user_enhanced.c -o obj/src/user/user_enhanced.c.o
mkdir -p "$(dirname obj/src/gdt_asm.asm.o)"
nasm -F dwarf -g -Wall -f elf64 src/gdt_asm.asm -o obj/src/gdt_asm.asm.o
mkdir -p "$(dirname obj/src/interrupts/isr.asm.o)"
nasm -F dwarf -g -Wall -f elf64 src/interrupts/isr.asm -o obj/src/interrupts/isr.asm.o
mkdir -p "$(dirname obj/src/interrupts/multitasking.asm.o)"
nasm -F dwarf -g -Wall -f elf64 src/interrupts/multitasking.asm -o obj/src/interrupts/multitasking.asm.o
mkdir -p "$(dirname obj/src/interrupts/task_switch.asm.o)"
nasm -F dwarf -g -Wall -f elf64 src/interrupts/task_switch.asm -o obj/src/interrupts/task_switch.asm.o
mkdir -p "$(dirname bin/kernel)"
ld obj/src/bootloader.c.o obj/src/datandtime.c.o obj/src/flanterm/src/flanterm.c.o obj/src/flanterm/src/flanterm_backends/fb.c.o obj/src/fs/ahci.c.o obj/src/fs/ahci_driver.c.o obj/src/fs/ata.c.o obj/src/fs/fat32.c.o obj/src/fs/fat32_test.c.o obj/src/fs/pci.c.o obj/src/gdt.c.o obj/src/gfx/printf.c.o obj/src/gfx/serial_io.c.o obj/src/gfx/term.c.o obj/src/gui/guiutils.c.o obj/src/gui/windows.c.o obj/src/info/cpuinfo.c.o obj/src/info/meminfo.c.o obj/src/interrupts/idt.c.o obj/src/interrupts/isr.c.o obj/src/interrupts/multitasking.c.o obj/src/interrupts/pic.c.o obj/src/interrupts/timer.c.o obj/src/libs/LinkedList.c.o obj/src/libs/json.c.o obj/src/libs/string.c.o obj/src/libs/utilities.c.o obj/src/main.c.o obj/src/math.c.o obj/src/mem/mallocator.c.o obj/src/mem/new/bitmap.c.o obj/src/mem/new/pmm.c.o obj/src/mem/paging.c.o obj/src/ps2/io.c.o obj/src/ps2/kbio.c.o obj/src/ps2/mouse.c.o obj/src/rtl8139/rtl8139.c.o obj/src/shell/shell_enhanced.c.o obj/src/snake.c.o obj/src/storage/storage.c.o obj/src/user/user.c.o obj/src/user/user_enhanced.c.o obj/src/gdt_asm.asm.o obj/src/interrupts/isr.asm.o obj/src/interrupts/multitasking.asm.o obj/src/interrupts/task_switch.asm.o -m elf_x86_64 -nostdlib -static -z max-page-size=0x1000 -gc-sections -T linker.ld -o bin/kernel
ld: warning: obj/src/interrupts/task_switch.asm.o: missing .note.GNU-stack section implies executable stack
ld: NOTE: This behaviour is deprecated and will be removed in a future version of the linker
make[1]: Leaving directory '/mnt/c/Users/AFIF/Documents/DoorsOS/kernel'
0+0 records in
0+0 records out
0 bytes copied, 0.0004524 s, 0.0 kB/s
Creating new GPT entries in memory.
Warning: The kernel is still using the old partition table.
The new table will be used at the next reboot or after you
run partprobe(8) or kpartx(8)
GPT data structures destroyed! You may now partition the disk using fdisk or
other utilities.
Physical block size of 512 bytes.
No active partition found, some systems may not boot.
Setting partition 1 as active to work around the issue...
Installing to MBR.
Stage 2 to be located at 0x200 and 0x2800.
Reminder: Remember to copy the limine-bios.sys file in either
          the root, /boot, /limine, or /boot/limine directories of
          one of the partitions on the device, or boot will fail!
Limine BIOS stages installed successfully!
mcopy -i DoorsOS.hdd@@1M kernel/bin/kernel ::/boot
mcopy -i DoorsOS.hdd@@1M test.txt ::/
mcopy -i DoorsOS.hdd@@1M limine.conf limine/limine-bios.sys ::/boot/limine
mcopy -i DoorsOS.hdd@@1M limine/BOOTX64.EFI ::/EFI/BOOT
mcopy -i DoorsOS.hdd@@1M limine/BOOTIA32.EFI ::/EFI/BOOT
qemu-system-x86_64.exe \
	-cpu qemu64,+sse,+sse2 \
	-drive id=disk,file=DoorsOS.hdd,format=raw,if=none \
	-device ahci,id=ahci \
	-device ide-hd,drive=disk,bus=ahci.0 \
	-netdev user,id=n0 \
	-device rtl8139,netdev=n0 \
	-serial stdio \
	-m 1G \
	
0.000000PML4 virtual address: FFFF80003FF83000
=== DoorsOS System Initialized ===
=== Storage Detection ===
Trying AHCI...
test_read_ahci: calling ahci_init
=== AHCI Init ===
AHCI ABAR: 0xfebd1000
Mapping phys 0xfebd1000 to virt 0xffff8000febd1000
mapPage called: virt=FFFF8000FEBD1000 phys=00000000FEBD1000
allocateEntry: index=501
allocateEntry: virt_addr=FFFF80000010FF40
allocateEntry: phys_addr=0x10ff40
allocateEntry: done
mapPage called: virt=FFFF8000FEBD2000 phys=00000000FEBD2000
ABAR mapped to: FFFF8000FEBD1000
CAP: 0xc0141f05 GHC: 0x80000000 PI: 0x0000003f
AHCI mode enabled
Port 0 active
Port 0 rebased
Port 1 active
Port 1 rebased
Port 2 active
Port 2 rebased
Port 3 active
Port 3 rebased
Port 4 active
Port 4 rebased
Port 5 active
Port 5 rebased
AHCI ready: 6 ports
test_read_ahci: ahci_init returned true
Storage: AHCI
fat32_mount: reading LBA 2048
AHCI read: LBA=2048 count=1 port=FFFF8000FEBD1100
AHCI read result: 1
fat32_mount: read OK
FAT32: bps=512 spc=1 rsc=32 nf=2 fss=993 rc=2
FAT32: first bytes: eb 58 90
AHCI read: LBA=4066 count=1 port=FFFF8000FEBD1100
AHCI read result: 1
AHCI read: LBA=2080 count=1 port=FFFF8000FEBD1100
AHCI read result: 1
AHCI read: LBA=2081 count=1 port=FFFF8000FEBD1100
AHCI read result: 1
AHCI read: LBA=2082 count=1 port=FFFF8000FEBD1100
AHCI read result: 1
AHCI read: LBA=2083 count=1 port=FFFF8000FEBD1100
AHCI read result: 1
AHCI read: LBA=2084 count=1 port=FFFF8000FEBD1100
AHCI read result: 1
AHCI read: LBA=2085 count=1 port=FFFF8000FEBD1100
AHCI read result: 1
AHCI read: LBA=2086 count=1 port=FFFF8000FEBD1100
AHCI read result: 1
AHCI read: LBA=2087 count=1 port=FFFF8000FEBD1100
AHCI read result: 1
AHCI read: LBA=2088 count=1 port=FFFF8000FEBD1100
AHCI read result: 1
AHCI read: LBA=2089 count=1 port=FFFF8000FEBD1100
AHCI read result: 1
AHCI read: LBA=2090 count=1 port=FFFF8000FEBD1100
AHCI read result: 1
AHCI read: LBA=2091 count=1 port=FFFF8000FEBD1100
AHCI read result: 1
AHCI read: LBA=2092 count=1 port=FFFF8000FEBD1100
AHCI read result: 1
AHCI read: LBA=2093 count=1 port=FFFF8000FEBD1100
AHCI read result: 1
AHCI read: LBA=2094 count=1 port=FFFF8000FEBD1100
AHCI read result: 1
AHCI read: LBA=2095 count=1 port=FFFF8000FEBD1100
AHCI read result: 1
AHCI read: LBA=2096 count=1 port=FFFF8000FEBD1100
AHCI read result: 1
AHCI read: LBA=2097 count=1 port=FFFF8000FEBD1100
AHCI read result: 1
AHCI read: LBA=4066 count=1 port=FFFF8000FEBD1100
AHCI read result: 1
AHCI read: LBA=4066 count=1 port=FFFF8000FEBD1100
AHCI read result: 1
AHCI read: LBA=2080 count=1 port=FFFF8000FEBD1100
AHCI read result: 1
AHCI read: LBA=2081 count=1 port=FFFF8000FEBD1100
AHCI read result: 1
AHCI read: LBA=2082 count=1 port=FFFF8000FEBD1100
AHCI read result: 1
AHCI read: LBA=2083 count=1 port=FFFF8000FEBD1100
AHCI read result: 1
AHCI read: LBA=2084 count=1 port=FFFF8000FEBD1100
AHCI read result: 1
AHCI read: LBA=2085 count=1 port=FFFF8000FEBD1100
AHCI read result: 1
AHCI read: LBA=2086 count=1 port=FFFF8000FEBD1100
AHCI read result: 1
AHCI read: LBA=2087 count=1 port=FFFF8000FEBD1100
AHCI read result: 1
AHCI read: LBA=2088 count=1 port=FFFF8000FEBD1100
AHCI read result: 1
AHCI read: LBA=2089 count=1 port=FFFF8000FEBD1100
AHCI read result: 1
AHCI read: LBA=2090 count=1 port=FFFF8000FEBD1100
AHCI read result: 1
AHCI read: LBA=2091 count=1 port=FFFF8000FEBD1100
AHCI read result: 1
AHCI read: LBA=2092 count=1 port=FFFF8000FEBD1100
AHCI read result: 1
AHCI read: LBA=2093 count=1 port=FFFF8000FEBD1100
AHCI read result: 1
AHCI read: LBA=2094 count=1 port=FFFF8000FEBD1100
AHCI read result: 1
AHCI read: LBA=2095 count=1 port=FFFF8000FEBD1100
AHCI read result: 1
AHCI read: LBA=2096 count=1 port=FFFF8000FEBD1100
AHCI read result: 1
AHCI read: LBA=2097 count=1 port=FFFF8000FEBD1100
AHCI read result: 1
AHCI read: LBA=4066 count=1 port=FFFF8000FEBD1100
AHCI read result: 1
AHCI read: LBA=4066 count=1 port=FFFF8000FEBD1100
AHCI read result: 1
AHCI read: LBA=6276 count=1 port=FFFF8000FEBD1100
AHCI read result: 1
AHCI read: LBA=4066 count=1 port=FFFF8000FEBD1100
AHCI read result: 1
AHCI read: LBA=6276 count=1 port=FFFF8000FEBD1100
AHCI read result: 1
AHCI read: LBA=2080 count=1 port=FFFF8000FEBD1100
AHCI read result: 1
AHCI read: LBA=2081 count=1 port=FFFF8000FEBD1100
AHCI read result: 1
AHCI read: LBA=2082 count=1 port=FFFF8000FEBD1100
AHCI read result: 1
AHCI read: LBA=2083 count=1 port=FFFF8000FEBD1100
AHCI read result: 1
AHCI read: LBA=2084 count=1 port=FFFF8000FEBD1100
AHCI read result: 1
AHCI read: LBA=2085 count=1 port=FFFF8000FEBD1100
AHCI read result: 1
AHCI read: LBA=2086 count=1 port=FFFF8000FEBD1100
AHCI read result: 1
AHCI read: LBA=2087 count=1 port=FFFF8000FEBD1100
AHCI read result: 1
AHCI read: LBA=2088 count=1 port=FFFF8000FEBD1100
AHCI read result: 1
AHCI read: LBA=2089 count=1 port=FFFF8000FEBD1100
AHCI read result: 1
AHCI read: LBA=2090 count=1 port=FFFF8000FEBD1100
AHCI read result: 1
AHCI read: LBA=2091 count=1 port=FFFF8000FEBD1100
AHCI read result: 1
AHCI read: LBA=2092 count=1 port=FFFF8000FEBD1100
AHCI read result: 1
AHCI read: LBA=2093 count=1 port=FFFF8000FEBD1100
AHCI read result: 1
AHCI read: LBA=2094 count=1 port=FFFF8000FEBD1100
AHCI read result: 1
AHCI read: LBA=2095 count=1 port=FFFF8000FEBD1100
AHCI read result: 1
AHCI read: LBA=2096 count=1 port=FFFF8000FEBD1100
AHCI read result: 1
AHCI read: LBA=2097 count=1 port=FFFF8000FEBD1100
AHCI read result: 1
AHCI read: LBA=6276 count=1 port=FFFF8000FEBD1100
AHCI read result: 1
AH SHIT![EXCEPTION] Interrupt: 14 
RAX=0x0000000000000000 RBX=0x0000000000000000 RCX=0x00000000000008a4 RDX=0xffffffff80014d9f
RSI=0x0000000000000000 RDI=0xffff80003ff93e90 RBP=0xffff80003ff93e90 RSP=0xffffffff8000c8b5
R8 =0xffff80003ff93d90 R9 =0x0000000000000057 R10=0xffffffff80009420 R11=0x0000000000000001
R12=0x0000000000000000 R13=0xffffffff80014d9f R14=0xffff800000425be8 R15=0x0000000000000001
ERR=0x0000000000000000 CS=0x0202 RIP=0xffff80003ff93d60 RFLAGS=0x0000000000000028
 KERNEL STOP! PANIC
